[
  {
    "key": "common",
    "type": "nested",
    "children": [
      {
        "key": "follow",
        "type": "added",
        "newValue": false
      },
      {
        "key": "setting1",
        "type": "unchanged",
        "oldValue": "Value 1"
      },
      {
        "key": "setting2",
        "type": "deleted",
        "oldValue": 200
      },
      {
        "key": "setting3",
        "type": "modified",
        "oldValue": true,
        "newValue": null
      },
      {
        "key": "setting4",
        "type": "added",
        "newValue": "blah blah"
      },
      {
        "key": "setting5",
        "type": "added",
        "newValue": {
          "key5": "value5"
        }
      },
      {
        "key": "setting6",
        "type": "nested",
        "children": [
          {
            "key": "doge",
            "type": "nested",
            "children": [
              {
                "key": "wow",
                "type": "modified",
                "oldValue": "",
                "newValue": "so much"
              }
            ]
          },
          {
            "key": "key",
            "type": "unchanged",
            "oldValue": "value"
          },
          {
            "key": "ops",
            "type": "added",
            "newValue": "vops"
          }
        ]
      }
    ]
  },
  {
    "key": "group1",
    "type": "nested",
    "children": [
      {
        "key": "baz",
        "type": "modified",
        "oldValue": "bas",
        "newValue": "bars"
      },
      {
        "key": "foo",
        "type": "unchanged",
        "oldValue": "bar"
      },
      {
        "key": "nest",
        "type": "modified",
        "oldValue": {
          "key": "value"
        },
        "newValue": "str"
      }
    ]
  },
  {
    "key": "group2",
    "type": "deleted",
    "oldValue": {
      "abc": 12345,
      "deep": {
        "id": 45
      }
    }
  },
  {
    "key": "group3",
    "type": "added",
    "newValue": {
      "deep": {
        "id": {
          "number": 45
        }
      },
      "fee": 100500
    }
  }
]